// Jest Snapshot v1, https://goo.gl/fbAQLP

exports[`HomeScreen renders correctly 1`] = `
<View
  style={
    Object {
      "alignItems": "center",
      "backgroundColor": "#F5FCFF",
      "flex": 1,
      "justifyContent": "center",
    }
  }
  testID="Welcome"
>
  <Text
    accessible={true}
    allowFontScaling={true}
    ellipsizeMode="tail"
    style={
      Object {
        "fontSize": 20,
        "margin": 10,
        "textAlign": "center",
      }
    }
    testID="WelcomeTitle"
  >
    Welcome to React Native!
  </Text>
  <Text
    accessible={true}
    allowFontScaling={true}
    ellipsizeMode="tail"
    style={
      Object {
        "color": "#333333",
        "marginBottom": 5,
        "textAlign": "center",
      }
    }
    testID="WelcomeInstruction"
  >
    To get started, edit App.js
  </Text>
  <Text
    accessible={true}
    allowFontScaling={true}
    ellipsizeMode="tail"
    style={
      Object {
        "color": "#333333",
        "marginBottom": 5,
        "textAlign": "center",
      }
    }
    testID="Instructions"
  >
    Press Cmd+R to reload,
Cmd+D or shake for dev menu
  </Text>
  <TextInput
    allowFontScaling={true}
    onChangeText={[Function]}
    placeholder="Write something..."
    style={
      Object {
        "alignSelf": "center",
        "height": 60,
        "marginTop": 30,
        "padding": 10,
        "width": "80%",
      }
    }
    testID="TextInput"
    value=""
  />
  <View
    style={
      Object {
        "alignItems": "center",
        "marginTop": 20,
      }
    }
    testID="Child"
  >
    <Text
      accessible={true}
      allowFontScaling={true}
      ellipsizeMode="tail"
      style={
        Object {
          "fontSize": 18,
          "marginBottom": 20,
        }
      }
      testID="ChildTitle"
    >
      Capitalized Text:
    </Text>
    <Text
      accessible={true}
      allowFontScaling={true}
      ellipsizeMode="tail"
      style={
        Object {
          "fontSize": 16,
          "padding": 20,
        }
      }
      testID="ChildOutput"
    >
      You have not written anything!
    </Text>
    <View
      accessibilityComponentType={undefined}
      accessibilityLabel={undefined}
      accessibilityTraits={undefined}
      accessible={true}
      collapsable={undefined}
      hasTVPreferredFocus={undefined}
      hitSlop={undefined}
      isTVSelectable={true}
      nativeID={undefined}
      onLayout={undefined}
      onResponderGrant={[Function]}
      onResponderMove={[Function]}
      onResponderRelease={[Function]}
      onResponderTerminate={[Function]}
      onResponderTerminationRequest={[Function]}
      onStartShouldSetResponder={[Function]}
      style={
        Object {
          "opacity": 1,
        }
      }
      testID="ClearText"
      tvParallaxProperties={undefined}
    >
      <Text
        accessible={true}
        allowFontScaling={true}
        ellipsizeMode="tail"
        style={
          Object {
            "backgroundColor": "darkkhaki",
            "borderRadius": 6,
            "color": "azure",
            "fontSize": 18,
            "fontWeight": "bold",
            "marginTop": 30,
            "paddingHorizontal": 15,
            "paddingVertical": 10,
          }
        }
      >
        CLEAR TEXT
      </Text>
    </View>
  </View>
</View>
`;
